../Core/Src/ST7920_SERIAL.c:39:6:SendByteSPI	24	static
../Core/Src/ST7920_SERIAL.c:60:6:ST7920_SendCmd	16	static
../Core/Src/ST7920_SERIAL.c:74:6:ST7920_SendData	16	static
../Core/Src/ST7920_SERIAL.c:87:6:ST7920_SendString	24	static
../Core/Src/ST7920_SERIAL.c:120:6:ST7920_GraphicMode	16	static
../Core/Src/ST7920_SERIAL.c:141:6:ST7920_DrawBitmap	24	static
../Core/Src/ST7920_SERIAL.c:172:6:ST7920_Update	8	static
../Core/Src/ST7920_SERIAL.c:179:6:ST7920_Clear	16	static
../Core/Src/ST7920_SERIAL.c:212:6:ST7920_Init	8	static
../Core/Src/ST7920_SERIAL.c:249:6:SetPixel	24	static
../Core/Src/ST7920_SERIAL.c:260:6:ClearPixel	24	static
../Core/Src/ST7920_SERIAL.c:275:6:DrawLine	48	static
../Core/Src/ST7920_SERIAL.c:309:6:DrawRectangle	24	static
../Core/Src/ST7920_SERIAL.c:343:6:DrawFilledRectangle	32	static
../Core/Src/ST7920_SERIAL.c:378:6:DrawCircle	40	static
../Core/Src/ST7920_SERIAL.c:417:6:DrawFilledCircle	40	static
../Core/Src/ST7920_SERIAL.c:452:6:DrawTriangle	24	static
../Core/Src/ST7920_SERIAL.c:463:6:DrawFilledTriangle	56	static
../Core/Src/ST7920_SERIAL.c:524:6:SendcharGLCD	24	static
../Core/Src/ST7920_SERIAL.c:551:6:SendstringGLCD	16	static
../Core/Src/ST7920_SERIAL.c:563:6:Sendchar5_3GLCD	24	static
../Core/Src/ST7920_SERIAL.c:581:6:Sendstring5_3GLCD	16	static
../Core/Src/ST7920_SERIAL.c:590:6:Sendchar7_9GLCD	24	static
../Core/Src/ST7920_SERIAL.c:608:6:Sendstring7_9GLCD	16	static
